( 0 1 )
( 0 1 2 )
( 0 5 4 3 1 2 )
( 3 2 1 0 )
( 1 2 3 4 5 0 )
( 0 1 2 3 4 5 6 7 8 9 10 11 )
( 0 6 5 1 2 3 4 )
( 5 1 0 9 2 7 8 4 3 6 10 )
( 0 1 2 )
( 0 1 2 3 4 5 6 7 8 9 10 11 )
( 0 2 1 9 10 3 4 5 6 7 8 )
( 0 2 1 9 10 3 4 5 6 7 8 )
( 7 6 1 0 11 10 2 3 8 9 5 4 )
( 0 2 1 3 4 5 6 )
( 0 1 )
( 2 1 0 )
( 0 1 2 )
( 3 0 1 2 4 )
( 3 4 5 0 1 2 )
( 4 5 9 0 1 8 6 7 2 3 )
( 0 4 3 2 1 )
( 5 0 4 3 2 1 )
( 5 6 8 9 4 0 10 7 11 3 1 2 )
( 5 6 8 9 4 0 10 7 11 3 1 2 )
( 0 1 )
( 0 1 2 )
