( )
( )

( )
( )

( 0 1 2 3 4 5 6 7 8 9 10 11 )
( 0 1 2 3 4 5 2 6 4 8 9 2 8 0 )

( 2 1 0 )
( )

( )
( )

( )
( )

( )
( )

( 0 1 2 )
( )

( 3 4 5 0 1 2 )
( )

( 4 5 9 0 1 8 6 7 2 3 )
( )

( )
( )

( )
( )
